// Jest Snapshot v1, https://goo.gl/fbAQLP

exports[`Login Component matches the correct snapshot 1`] = `
<div class="login-form w-3/4 mx-auto">
    <h3 class="text-brand text-2xl">Welcome Back to GameReel</h3>
    <ul class="bg-red rounded text-sm m-0 mx-0 mb-0 mt-4 p-2 list-none" class="bg-red rounded text-sm m-0 mx-0 mb-0 mt-4 p-2 list-none" style="display:none;"></ul>
    <form class="my-6">
        <!---->
        <!---->
        <div class="text-right mb-4">
            <router-link to="/auth/forgot" class="font-semibold text-brand hover:text-purple no-underline text-sm">Forgot?</router-link>
        </div> <button type="submit" class="auth-button w-full h-10 bg-brand hover:bg-purple text-white rounded">Sign In</button></form>
    <div class="rounded bg-grey-lighter p-2 text-sm text-black">New to GameReel?
        <router-link to="/auth/register" class="font-semibold text-brand hover:text-purple no-underline">Sign up!</router-link>
    </div>
</div>
`;
